[2026-05-24T16:02:27.919+0000] {local_task_job_runner.py:120} INFO - ::group::Pre task execution logs
[2026-05-24T16:02:27.930+0000] {taskinstance.py:2076} INFO - Dependencies all met for dep_context=non-requeueable deps ti=<TaskInstance: ml_pipeline.train manual__2026-05-24T16:02:13.034240+00:00 [queued]>
[2026-05-24T16:02:27.933+0000] {taskinstance.py:2076} INFO - Dependencies all met for dep_context=requeueable deps ti=<TaskInstance: ml_pipeline.train manual__2026-05-24T16:02:13.034240+00:00 [queued]>
[2026-05-24T16:02:27.933+0000] {taskinstance.py:2306} INFO - Starting attempt 1 of 1
[2026-05-24T16:02:27.945+0000] {taskinstance.py:2330} INFO - Executing <Task(_PythonDecoratedOperator): train> on 2026-05-24 16:02:13.034240+00:00
[2026-05-24T16:02:27.951+0000] {standard_task_runner.py:63} INFO - Started process 12164 to run task
[2026-05-24T16:02:27.953+0000] {standard_task_runner.py:90} INFO - Running: ['airflow', 'tasks', 'run', 'ml_pipeline', 'train', 'manual__2026-05-24T16:02:13.034240+00:00', '--job-id', '22', '--raw', '--subdir', 'DAGS_FOLDER/ml_pipeline.py', '--cfg-path', '/tmp/tmp1u3psgmn']
[2026-05-24T16:02:27.954+0000] {standard_task_runner.py:91} INFO - Job 22: Subtask train
[2026-05-24T16:02:27.981+0000] {task_command.py:426} INFO - Running <TaskInstance: ml_pipeline.train manual__2026-05-24T16:02:13.034240+00:00 [running]> on host VarnitLaptop.localdomain
[2026-05-24T16:02:28.031+0000] {taskinstance.py:2648} INFO - Exporting env vars: AIRFLOW_CTX_DAG_OWNER='airflow' AIRFLOW_CTX_DAG_ID='ml_pipeline' AIRFLOW_CTX_TASK_ID='train' AIRFLOW_CTX_EXECUTION_DATE='2026-05-24T16:02:13.034240+00:00' AIRFLOW_CTX_TRY_NUMBER='1' AIRFLOW_CTX_DAG_RUN_ID='manual__2026-05-24T16:02:13.034240+00:00'
[2026-05-24T16:02:28.033+0000] {taskinstance.py:430} INFO - ::endgroup::
[2026-05-24T16:02:30.117+0000] {logging_mixin.py:188} INFO - Loading processed data...
[2026-05-24T16:02:31.264+0000] {logging_mixin.py:188} INFO - MLflow run ID: 98489ad2d7cf4a8a86cbc6f196abd092
[2026-05-24T16:02:34.132+0000] {logging_mixin.py:188} WARNING - 2026/05/24 16:02:34 WARNING mlflow.sklearn: Saving scikit-learn models in the pickle or cloudpickle format requires exercising caution because these formats rely on Python's object serialization mechanism, which can execute arbitrary code during deserialization. The recommended safe alternative is the 'skops' format. For more information, see: https://scikit-learn.org/stable/model_persistence.html
[2026-05-24T16:02:40.983+0000] {logging_mixin.py:188} INFO - Accuracy : 0.8510
[2026-05-24T16:02:40.984+0000] {logging_mixin.py:188} INFO - F1 Score : 0.6417
[2026-05-24T16:02:40.984+0000] {logging_mixin.py:188} INFO - AUC      : 0.9129
[2026-05-24T16:02:40.984+0000] {logging_mixin.py:188} INFO - Run ID saved to models/latest_run_id.txt
[2026-05-24T16:02:41.040+0000] {logging_mixin.py:188} INFO - 🏃 View run caring-finch-163 at: http://localhost:5000/#/experiments/1/runs/98489ad2d7cf4a8a86cbc6f196abd092
[2026-05-24T16:02:41.040+0000] {logging_mixin.py:188} INFO - 🧪 View experiment at: http://localhost:5000/#/experiments/1
[2026-05-24T16:02:41.100+0000] {python.py:237} INFO - Done. Returned value was: 98489ad2d7cf4a8a86cbc6f196abd092
[2026-05-24T16:02:41.101+0000] {taskinstance.py:441} INFO - ::group::Post task execution logs
[2026-05-24T16:02:41.114+0000] {taskinstance.py:1206} INFO - Marking task as SUCCESS. dag_id=ml_pipeline, task_id=train, run_id=manual__2026-05-24T16:02:13.034240+00:00, execution_date=20260524T160213, start_date=20260524T160227, end_date=20260524T160241
[2026-05-24T16:02:41.151+0000] {local_task_job_runner.py:240} INFO - Task exited with return code 0
[2026-05-24T16:02:41.163+0000] {taskinstance.py:3498} INFO - 1 downstream tasks scheduled from follow-on schedule check
[2026-05-24T16:02:41.169+0000] {local_task_job_runner.py:222} INFO - ::endgroup::
