[2026-05-24T15:25:12.687+0000] {local_task_job_runner.py:120} INFO - ::group::Pre task execution logs
[2026-05-24T15:25:12.696+0000] {taskinstance.py:2076} INFO - Dependencies all met for dep_context=non-requeueable deps ti=<TaskInstance: ml_pipeline.train scheduled__2026-05-23T00:00:00+00:00 [queued]>
[2026-05-24T15:25:12.699+0000] {taskinstance.py:2076} INFO - Dependencies all met for dep_context=requeueable deps ti=<TaskInstance: ml_pipeline.train scheduled__2026-05-23T00:00:00+00:00 [queued]>
[2026-05-24T15:25:12.699+0000] {taskinstance.py:2306} INFO - Starting attempt 1 of 1
[2026-05-24T15:25:12.709+0000] {taskinstance.py:2330} INFO - Executing <Task(_PythonDecoratedOperator): train> on 2026-05-23 00:00:00+00:00
[2026-05-24T15:25:12.713+0000] {standard_task_runner.py:63} INFO - Started process 41307 to run task
[2026-05-24T15:25:12.716+0000] {standard_task_runner.py:90} INFO - Running: ['airflow', 'tasks', 'run', 'ml_pipeline', 'train', 'scheduled__2026-05-23T00:00:00+00:00', '--job-id', '12', '--raw', '--subdir', 'DAGS_FOLDER/ml_pipeline.py', '--cfg-path', '/tmp/tmpgwezxrfi']
[2026-05-24T15:25:12.717+0000] {standard_task_runner.py:91} INFO - Job 12: Subtask train
[2026-05-24T15:25:12.751+0000] {task_command.py:426} INFO - Running <TaskInstance: ml_pipeline.train scheduled__2026-05-23T00:00:00+00:00 [running]> on host VarnitLaptop.localdomain
[2026-05-24T15:25:12.799+0000] {taskinstance.py:2648} INFO - Exporting env vars: AIRFLOW_CTX_DAG_OWNER='airflow' AIRFLOW_CTX_DAG_ID='ml_pipeline' AIRFLOW_CTX_TASK_ID='train' AIRFLOW_CTX_EXECUTION_DATE='2026-05-23T00:00:00+00:00' AIRFLOW_CTX_TRY_NUMBER='1' AIRFLOW_CTX_DAG_RUN_ID='scheduled__2026-05-23T00:00:00+00:00'
[2026-05-24T15:25:12.800+0000] {taskinstance.py:430} INFO - ::endgroup::
[2026-05-24T15:25:14.549+0000] {logging_mixin.py:188} INFO - Loading processed data...
[2026-05-24T15:25:14.776+0000] {logging_mixin.py:188} INFO - MLflow run ID: d30199e60be24ebcbf06371b2387c67e
[2026-05-24T15:25:17.619+0000] {logging_mixin.py:188} WARNING - 2026/05/24 15:25:17 WARNING mlflow.sklearn: Saving scikit-learn models in the pickle or cloudpickle format requires exercising caution because these formats rely on Python's object serialization mechanism, which can execute arbitrary code during deserialization. The recommended safe alternative is the 'skops' format. For more information, see: https://scikit-learn.org/stable/model_persistence.html
[2026-05-24T15:25:24.735+0000] {logging_mixin.py:188} INFO - Accuracy : 0.8510
[2026-05-24T15:25:24.735+0000] {logging_mixin.py:188} INFO - F1 Score : 0.6417
[2026-05-24T15:25:24.735+0000] {logging_mixin.py:188} INFO - AUC      : 0.9129
[2026-05-24T15:25:24.736+0000] {logging_mixin.py:188} INFO - Run ID saved to models/latest_run_id.txt
[2026-05-24T15:25:24.792+0000] {logging_mixin.py:188} INFO - 🏃 View run serious-koi-745 at: http://localhost:5000/#/experiments/1/runs/d30199e60be24ebcbf06371b2387c67e
[2026-05-24T15:25:24.792+0000] {logging_mixin.py:188} INFO - 🧪 View experiment at: http://localhost:5000/#/experiments/1
[2026-05-24T15:25:24.851+0000] {python.py:237} INFO - Done. Returned value was: d30199e60be24ebcbf06371b2387c67e
[2026-05-24T15:25:24.852+0000] {taskinstance.py:441} INFO - ::group::Post task execution logs
[2026-05-24T15:25:24.862+0000] {taskinstance.py:1206} INFO - Marking task as SUCCESS. dag_id=ml_pipeline, task_id=train, run_id=scheduled__2026-05-23T00:00:00+00:00, execution_date=20260523T000000, start_date=20260524T152512, end_date=20260524T152524
[2026-05-24T15:25:24.909+0000] {local_task_job_runner.py:240} INFO - Task exited with return code 0
[2026-05-24T15:25:24.919+0000] {taskinstance.py:3498} INFO - 1 downstream tasks scheduled from follow-on schedule check
[2026-05-24T15:25:24.925+0000] {local_task_job_runner.py:222} INFO - ::endgroup::
