[2026-05-24T15:24:57.747+0000] {local_task_job_runner.py:120} INFO - ::group::Pre task execution logs
[2026-05-24T15:24:57.758+0000] {taskinstance.py:2076} INFO - Dependencies all met for dep_context=non-requeueable deps ti=<TaskInstance: ml_pipeline.ingest scheduled__2026-05-23T00:00:00+00:00 [queued]>
[2026-05-24T15:24:57.761+0000] {taskinstance.py:2076} INFO - Dependencies all met for dep_context=requeueable deps ti=<TaskInstance: ml_pipeline.ingest scheduled__2026-05-23T00:00:00+00:00 [queued]>
[2026-05-24T15:24:57.761+0000] {taskinstance.py:2306} INFO - Starting attempt 1 of 1
[2026-05-24T15:24:57.771+0000] {taskinstance.py:2330} INFO - Executing <Task(_PythonDecoratedOperator): ingest> on 2026-05-23 00:00:00+00:00
[2026-05-24T15:24:57.775+0000] {standard_task_runner.py:63} INFO - Started process 40992 to run task
[2026-05-24T15:24:57.778+0000] {standard_task_runner.py:90} INFO - Running: ['airflow', 'tasks', 'run', 'ml_pipeline', 'ingest', 'scheduled__2026-05-23T00:00:00+00:00', '--job-id', '8', '--raw', '--subdir', 'DAGS_FOLDER/ml_pipeline.py', '--cfg-path', '/tmp/tmpqo_vuvmh']
[2026-05-24T15:24:57.780+0000] {standard_task_runner.py:91} INFO - Job 8: Subtask ingest
[2026-05-24T15:24:57.813+0000] {task_command.py:426} INFO - Running <TaskInstance: ml_pipeline.ingest scheduled__2026-05-23T00:00:00+00:00 [running]> on host VarnitLaptop.localdomain
[2026-05-24T15:24:57.866+0000] {taskinstance.py:2648} INFO - Exporting env vars: AIRFLOW_CTX_DAG_OWNER='airflow' AIRFLOW_CTX_DAG_ID='ml_pipeline' AIRFLOW_CTX_TASK_ID='ingest' AIRFLOW_CTX_EXECUTION_DATE='2026-05-23T00:00:00+00:00' AIRFLOW_CTX_TRY_NUMBER='1' AIRFLOW_CTX_DAG_RUN_ID='scheduled__2026-05-23T00:00:00+00:00'
[2026-05-24T15:24:57.868+0000] {taskinstance.py:430} INFO - ::endgroup::
[2026-05-24T15:24:57.870+0000] {logging_mixin.py:188} INFO - Fetching UCI Adult Income dataset...
[2026-05-24T15:24:58.625+0000] {logging_mixin.py:188} INFO - Dataset loaded: 48842 rows, 15 columns
[2026-05-24T15:24:58.632+0000] {logging_mixin.py:188} INFO - Income distribution:
income
<=50K    37155
>50K     11687
Name: count, dtype: int64
[2026-05-24T15:24:58.789+0000] {logging_mixin.py:188} INFO - Saved to data/raw/adult.csv
[2026-05-24T15:24:58.791+0000] {python.py:237} INFO - Done. Returned value was: data/raw/adult.csv
[2026-05-24T15:24:58.791+0000] {taskinstance.py:441} INFO - ::group::Post task execution logs
[2026-05-24T15:24:58.803+0000] {taskinstance.py:1206} INFO - Marking task as SUCCESS. dag_id=ml_pipeline, task_id=ingest, run_id=scheduled__2026-05-23T00:00:00+00:00, execution_date=20260523T000000, start_date=20260524T152457, end_date=20260524T152458
[2026-05-24T15:24:58.835+0000] {local_task_job_runner.py:240} INFO - Task exited with return code 0
[2026-05-24T15:24:58.851+0000] {taskinstance.py:3498} INFO - 1 downstream tasks scheduled from follow-on schedule check
[2026-05-24T15:24:58.855+0000] {local_task_job_runner.py:222} INFO - ::endgroup::
