[2026-05-24T15:25:08.593+0000] {local_task_job_runner.py:120} INFO - ::group::Pre task execution logs
[2026-05-24T15:25:08.602+0000] {taskinstance.py:2076} INFO - Dependencies all met for dep_context=non-requeueable deps ti=<TaskInstance: ml_pipeline.preprocess manual__2026-05-24T15:24:55.369046+00:00 [queued]>
[2026-05-24T15:25:08.605+0000] {taskinstance.py:2076} INFO - Dependencies all met for dep_context=requeueable deps ti=<TaskInstance: ml_pipeline.preprocess manual__2026-05-24T15:24:55.369046+00:00 [queued]>
[2026-05-24T15:25:08.605+0000] {taskinstance.py:2306} INFO - Starting attempt 1 of 1
[2026-05-24T15:25:08.615+0000] {taskinstance.py:2330} INFO - Executing <Task(_PythonDecoratedOperator): preprocess> on 2026-05-24 15:24:55.369046+00:00
[2026-05-24T15:25:08.619+0000] {standard_task_runner.py:63} INFO - Started process 41215 to run task
[2026-05-24T15:25:08.621+0000] {standard_task_runner.py:90} INFO - Running: ['airflow', 'tasks', 'run', 'ml_pipeline', 'preprocess', 'manual__2026-05-24T15:24:55.369046+00:00', '--job-id', '11', '--raw', '--subdir', 'DAGS_FOLDER/ml_pipeline.py', '--cfg-path', '/tmp/tmptoa45hv1']
[2026-05-24T15:25:08.623+0000] {standard_task_runner.py:91} INFO - Job 11: Subtask preprocess
[2026-05-24T15:25:08.659+0000] {task_command.py:426} INFO - Running <TaskInstance: ml_pipeline.preprocess manual__2026-05-24T15:24:55.369046+00:00 [running]> on host VarnitLaptop.localdomain
[2026-05-24T15:25:08.706+0000] {taskinstance.py:2648} INFO - Exporting env vars: AIRFLOW_CTX_DAG_OWNER='airflow' AIRFLOW_CTX_DAG_ID='ml_pipeline' AIRFLOW_CTX_TASK_ID='preprocess' AIRFLOW_CTX_EXECUTION_DATE='2026-05-24T15:24:55.369046+00:00' AIRFLOW_CTX_TRY_NUMBER='1' AIRFLOW_CTX_DAG_RUN_ID='manual__2026-05-24T15:24:55.369046+00:00'
[2026-05-24T15:25:08.707+0000] {taskinstance.py:430} INFO - ::endgroup::
[2026-05-24T15:25:09.655+0000] {logging_mixin.py:188} INFO - Loading raw data...
[2026-05-24T15:25:09.763+0000] {logging_mixin.py:188} INFO - After dropping nulls: 45222 rows
[2026-05-24T15:25:09.844+0000] {logging_mixin.py:188} INFO - Train size: 36177 | Test size: 9045
[2026-05-24T15:25:09.845+0000] {logging_mixin.py:188} INFO - Income distribution in train:
income
0    27211
1     8966
Name: count, dtype: int64
[2026-05-24T15:25:10.493+0000] {logging_mixin.py:188} INFO - Saved processed data and preprocessing artifacts.
[2026-05-24T15:25:10.495+0000] {python.py:237} INFO - Done. Returned value was: data/processed
[2026-05-24T15:25:10.495+0000] {taskinstance.py:441} INFO - ::group::Post task execution logs
[2026-05-24T15:25:10.510+0000] {taskinstance.py:1206} INFO - Marking task as SUCCESS. dag_id=ml_pipeline, task_id=preprocess, run_id=manual__2026-05-24T15:24:55.369046+00:00, execution_date=20260524T152455, start_date=20260524T152508, end_date=20260524T152510
[2026-05-24T15:25:10.562+0000] {local_task_job_runner.py:240} INFO - Task exited with return code 0
[2026-05-24T15:25:10.577+0000] {taskinstance.py:3498} INFO - 1 downstream tasks scheduled from follow-on schedule check
[2026-05-24T15:25:10.588+0000] {local_task_job_runner.py:222} INFO - ::endgroup::
