[2026-05-24T16:02:18.373+0000] {local_task_job_runner.py:120} INFO - ::group::Pre task execution logs
[2026-05-24T16:02:18.387+0000] {taskinstance.py:2076} INFO - Dependencies all met for dep_context=non-requeueable deps ti=<TaskInstance: ml_pipeline.ingest manual__2026-05-24T16:02:13.034240+00:00 [queued]>
[2026-05-24T16:02:18.390+0000] {taskinstance.py:2076} INFO - Dependencies all met for dep_context=requeueable deps ti=<TaskInstance: ml_pipeline.ingest manual__2026-05-24T16:02:13.034240+00:00 [queued]>
[2026-05-24T16:02:18.390+0000] {taskinstance.py:2306} INFO - Starting attempt 1 of 1
[2026-05-24T16:02:18.400+0000] {taskinstance.py:2330} INFO - Executing <Task(_PythonDecoratedOperator): ingest> on 2026-05-24 16:02:13.034240+00:00
[2026-05-24T16:02:18.408+0000] {standard_task_runner.py:63} INFO - Started process 11999 to run task
[2026-05-24T16:02:18.412+0000] {standard_task_runner.py:90} INFO - Running: ['airflow', 'tasks', 'run', 'ml_pipeline', 'ingest', 'manual__2026-05-24T16:02:13.034240+00:00', '--job-id', '20', '--raw', '--subdir', 'DAGS_FOLDER/ml_pipeline.py', '--cfg-path', '/tmp/tmpg9gv_bn6']
[2026-05-24T16:02:18.416+0000] {standard_task_runner.py:91} INFO - Job 20: Subtask ingest
[2026-05-24T16:02:18.488+0000] {task_command.py:426} INFO - Running <TaskInstance: ml_pipeline.ingest manual__2026-05-24T16:02:13.034240+00:00 [running]> on host VarnitLaptop.localdomain
[2026-05-24T16:02:18.547+0000] {taskinstance.py:2648} INFO - Exporting env vars: AIRFLOW_CTX_DAG_OWNER='airflow' AIRFLOW_CTX_DAG_ID='ml_pipeline' AIRFLOW_CTX_TASK_ID='ingest' AIRFLOW_CTX_EXECUTION_DATE='2026-05-24T16:02:13.034240+00:00' AIRFLOW_CTX_TRY_NUMBER='1' AIRFLOW_CTX_DAG_RUN_ID='manual__2026-05-24T16:02:13.034240+00:00'
[2026-05-24T16:02:18.548+0000] {taskinstance.py:430} INFO - ::endgroup::
[2026-05-24T16:02:18.550+0000] {logging_mixin.py:188} INFO - Fetching UCI Adult Income dataset...
[2026-05-24T16:02:19.818+0000] {logging_mixin.py:188} INFO - Dataset loaded: 48842 rows, 15 columns
[2026-05-24T16:02:19.823+0000] {logging_mixin.py:188} INFO - Income distribution:
income
<=50K    37155
>50K     11687
Name: count, dtype: int64
[2026-05-24T16:02:19.944+0000] {logging_mixin.py:188} INFO - Saved to data/raw/adult.csv
[2026-05-24T16:02:19.946+0000] {python.py:237} INFO - Done. Returned value was: data/raw/adult.csv
[2026-05-24T16:02:19.946+0000] {taskinstance.py:441} INFO - ::group::Post task execution logs
[2026-05-24T16:02:19.960+0000] {taskinstance.py:1206} INFO - Marking task as SUCCESS. dag_id=ml_pipeline, task_id=ingest, run_id=manual__2026-05-24T16:02:13.034240+00:00, execution_date=20260524T160213, start_date=20260524T160218, end_date=20260524T160219
[2026-05-24T16:02:19.993+0000] {local_task_job_runner.py:240} INFO - Task exited with return code 0
[2026-05-24T16:02:20.008+0000] {taskinstance.py:3498} INFO - 1 downstream tasks scheduled from follow-on schedule check
[2026-05-24T16:02:20.014+0000] {local_task_job_runner.py:222} INFO - ::endgroup::
