[2026-05-24T16:03:04.598+0000] {local_task_job_runner.py:120} INFO - ::group::Pre task execution logs
[2026-05-24T16:03:04.608+0000] {taskinstance.py:2076} INFO - Dependencies all met for dep_context=non-requeueable deps ti=<TaskInstance: ml_pipeline.deploy manual__2026-05-24T16:02:13.034240+00:00 [queued]>
[2026-05-24T16:03:04.611+0000] {taskinstance.py:2076} INFO - Dependencies all met for dep_context=requeueable deps ti=<TaskInstance: ml_pipeline.deploy manual__2026-05-24T16:02:13.034240+00:00 [queued]>
[2026-05-24T16:03:04.612+0000] {taskinstance.py:2306} INFO - Starting attempt 1 of 1
[2026-05-24T16:03:04.626+0000] {taskinstance.py:2330} INFO - Executing <Task(_PythonDecoratedOperator): deploy> on 2026-05-24 16:02:13.034240+00:00
[2026-05-24T16:03:04.632+0000] {standard_task_runner.py:63} INFO - Started process 13037 to run task
[2026-05-24T16:03:04.635+0000] {standard_task_runner.py:90} INFO - Running: ['airflow', 'tasks', 'run', 'ml_pipeline', 'deploy', 'manual__2026-05-24T16:02:13.034240+00:00', '--job-id', '26', '--raw', '--subdir', 'DAGS_FOLDER/ml_pipeline.py', '--cfg-path', '/tmp/tmp7wfd_2r7']
[2026-05-24T16:03:04.636+0000] {standard_task_runner.py:91} INFO - Job 26: Subtask deploy
[2026-05-24T16:03:04.666+0000] {task_command.py:426} INFO - Running <TaskInstance: ml_pipeline.deploy manual__2026-05-24T16:02:13.034240+00:00 [running]> on host VarnitLaptop.localdomain
[2026-05-24T16:03:04.715+0000] {taskinstance.py:2648} INFO - Exporting env vars: AIRFLOW_CTX_DAG_OWNER='airflow' AIRFLOW_CTX_DAG_ID='ml_pipeline' AIRFLOW_CTX_TASK_ID='deploy' AIRFLOW_CTX_EXECUTION_DATE='2026-05-24T16:02:13.034240+00:00' AIRFLOW_CTX_TRY_NUMBER='1' AIRFLOW_CTX_DAG_RUN_ID='manual__2026-05-24T16:02:13.034240+00:00'
[2026-05-24T16:03:04.716+0000] {taskinstance.py:430} INFO - ::endgroup::
[2026-05-24T16:03:05.458+0000] {logging_mixin.py:188} INFO - 
[deploy] Starting deployment process...
[2026-05-24T16:03:05.458+0000] {logging_mixin.py:188} INFO - [deploy] Agent decision: APPROVE
[2026-05-24T16:03:05.459+0000] {logging_mixin.py:188} INFO - [deploy] Reason: All model metrics meet their respective thresholds.
[2026-05-24T16:03:05.459+0000] {logging_mixin.py:188} INFO - [deploy] Registering model from run 98489ad2d7cf4a8a86cbc6f196abd092...
[2026-05-24T16:03:05.515+0000] {logging_mixin.py:188} WARNING - Registered model 'adult-income-classifier' already exists. Creating a new version of this model...
[2026-05-24T16:03:05.747+0000] {logging_mixin.py:188} WARNING - 2026/05/24 16:03:05 WARNING mlflow.tracking._model_registry.fluent: Run with id 98489ad2d7cf4a8a86cbc6f196abd092 has no artifacts at artifact path 'model', registering model based on models:/m-a376594563e840fc8868e9981971b6f0 instead
[2026-05-24T16:03:05.858+0000] {logging_mixin.py:188} WARNING - 2026/05/24 16:03:05 INFO mlflow.store.model_registry.abstract_store: Waiting up to 300 seconds for model version to finish creation. Model name: adult-income-classifier, version 3
[2026-05-24T16:03:05.858+0000] {logging_mixin.py:188} WARNING - Created version '3' of model 'adult-income-classifier'.
[2026-05-24T16:03:06.018+0000] {logging_mixin.py:188} INFO - [deploy] Model registered as version 3
[2026-05-24T16:03:06.018+0000] {logging_mixin.py:188} INFO - [deploy] Deployment record saved to models/deployment_record.json
[2026-05-24T16:03:06.018+0000] {logging_mixin.py:188} INFO - [deploy] Model version 3 is now in registry!
[2026-05-24T16:03:06.018+0000] {logging_mixin.py:188} INFO - Deploy result: {'status': 'success', 'version': '3'}
[2026-05-24T16:03:06.018+0000] {python.py:237} INFO - Done. Returned value was: {'status': 'success', 'version': '3'}
[2026-05-24T16:03:06.018+0000] {taskinstance.py:441} INFO - ::group::Post task execution logs
[2026-05-24T16:03:06.032+0000] {taskinstance.py:1206} INFO - Marking task as SUCCESS. dag_id=ml_pipeline, task_id=deploy, run_id=manual__2026-05-24T16:02:13.034240+00:00, execution_date=20260524T160213, start_date=20260524T160304, end_date=20260524T160306
[2026-05-24T16:03:06.092+0000] {local_task_job_runner.py:240} INFO - Task exited with return code 0
[2026-05-24T16:03:06.104+0000] {taskinstance.py:3498} INFO - 0 downstream tasks scheduled from follow-on schedule check
[2026-05-24T16:03:06.104+0000] {local_task_job_runner.py:222} INFO - ::endgroup::
