[2026-05-24T16:02:43.674+0000] {local_task_job_runner.py:120} INFO - ::group::Pre task execution logs
[2026-05-24T16:02:43.689+0000] {taskinstance.py:2076} INFO - Dependencies all met for dep_context=non-requeueable deps ti=<TaskInstance: ml_pipeline.ingest manual__2026-05-24T16:02:32.490427+00:00 [queued]>
[2026-05-24T16:02:43.693+0000] {taskinstance.py:2076} INFO - Dependencies all met for dep_context=requeueable deps ti=<TaskInstance: ml_pipeline.ingest manual__2026-05-24T16:02:32.490427+00:00 [queued]>
[2026-05-24T16:02:43.693+0000] {taskinstance.py:2306} INFO - Starting attempt 1 of 1
[2026-05-24T16:02:43.708+0000] {taskinstance.py:2330} INFO - Executing <Task(_PythonDecoratedOperator): ingest> on 2026-05-24 16:02:32.490427+00:00
[2026-05-24T16:02:43.713+0000] {standard_task_runner.py:63} INFO - Started process 12593 to run task
[2026-05-24T16:02:43.716+0000] {standard_task_runner.py:90} INFO - Running: ['airflow', 'tasks', 'run', 'ml_pipeline', 'ingest', 'manual__2026-05-24T16:02:32.490427+00:00', '--job-id', '23', '--raw', '--subdir', 'DAGS_FOLDER/ml_pipeline.py', '--cfg-path', '/tmp/tmpcr_vgq6f']
[2026-05-24T16:02:43.717+0000] {standard_task_runner.py:91} INFO - Job 23: Subtask ingest
[2026-05-24T16:02:43.749+0000] {task_command.py:426} INFO - Running <TaskInstance: ml_pipeline.ingest manual__2026-05-24T16:02:32.490427+00:00 [running]> on host VarnitLaptop.localdomain
[2026-05-24T16:02:43.802+0000] {taskinstance.py:2648} INFO - Exporting env vars: AIRFLOW_CTX_DAG_OWNER='airflow' AIRFLOW_CTX_DAG_ID='ml_pipeline' AIRFLOW_CTX_TASK_ID='ingest' AIRFLOW_CTX_EXECUTION_DATE='2026-05-24T16:02:32.490427+00:00' AIRFLOW_CTX_TRY_NUMBER='1' AIRFLOW_CTX_DAG_RUN_ID='manual__2026-05-24T16:02:32.490427+00:00'
[2026-05-24T16:02:43.804+0000] {taskinstance.py:430} INFO - ::endgroup::
[2026-05-24T16:02:43.805+0000] {logging_mixin.py:188} INFO - Fetching UCI Adult Income dataset...
[2026-05-24T16:02:44.115+0000] {logging_mixin.py:188} INFO - Dataset loaded: 48842 rows, 15 columns
[2026-05-24T16:02:44.120+0000] {logging_mixin.py:188} INFO - Income distribution:
income
<=50K    37155
>50K     11687
Name: count, dtype: int64
[2026-05-24T16:02:44.238+0000] {logging_mixin.py:188} INFO - Saved to data/raw/adult.csv
[2026-05-24T16:02:44.240+0000] {python.py:237} INFO - Done. Returned value was: data/raw/adult.csv
[2026-05-24T16:02:44.240+0000] {taskinstance.py:441} INFO - ::group::Post task execution logs
[2026-05-24T16:02:44.252+0000] {taskinstance.py:1206} INFO - Marking task as SUCCESS. dag_id=ml_pipeline, task_id=ingest, run_id=manual__2026-05-24T16:02:32.490427+00:00, execution_date=20260524T160232, start_date=20260524T160243, end_date=20260524T160244
[2026-05-24T16:02:44.290+0000] {local_task_job_runner.py:240} INFO - Task exited with return code 0
[2026-05-24T16:02:44.305+0000] {taskinstance.py:3498} INFO - 1 downstream tasks scheduled from follow-on schedule check
[2026-05-24T16:02:44.310+0000] {local_task_job_runner.py:222} INFO - ::endgroup::
