[2026-05-24T16:03:25.917+0000] {local_task_job_runner.py:120} INFO - ::group::Pre task execution logs
[2026-05-24T16:03:25.931+0000] {taskinstance.py:2076} INFO - Dependencies all met for dep_context=non-requeueable deps ti=<TaskInstance: ml_pipeline.deploy manual__2026-05-24T16:02:32.490427+00:00 [queued]>
[2026-05-24T16:03:25.935+0000] {taskinstance.py:2076} INFO - Dependencies all met for dep_context=requeueable deps ti=<TaskInstance: ml_pipeline.deploy manual__2026-05-24T16:02:32.490427+00:00 [queued]>
[2026-05-24T16:03:25.936+0000] {taskinstance.py:2306} INFO - Starting attempt 1 of 1
[2026-05-24T16:03:25.950+0000] {taskinstance.py:2330} INFO - Executing <Task(_PythonDecoratedOperator): deploy> on 2026-05-24 16:02:32.490427+00:00
[2026-05-24T16:03:25.955+0000] {standard_task_runner.py:63} INFO - Started process 13647 to run task
[2026-05-24T16:03:25.957+0000] {standard_task_runner.py:90} INFO - Running: ['airflow', 'tasks', 'run', 'ml_pipeline', 'deploy', 'manual__2026-05-24T16:02:32.490427+00:00', '--job-id', '29', '--raw', '--subdir', 'DAGS_FOLDER/ml_pipeline.py', '--cfg-path', '/tmp/tmp8c4m2dse']
[2026-05-24T16:03:25.959+0000] {standard_task_runner.py:91} INFO - Job 29: Subtask deploy
[2026-05-24T16:03:25.987+0000] {task_command.py:426} INFO - Running <TaskInstance: ml_pipeline.deploy manual__2026-05-24T16:02:32.490427+00:00 [running]> on host VarnitLaptop.localdomain
[2026-05-24T16:03:26.044+0000] {taskinstance.py:2648} INFO - Exporting env vars: AIRFLOW_CTX_DAG_OWNER='airflow' AIRFLOW_CTX_DAG_ID='ml_pipeline' AIRFLOW_CTX_TASK_ID='deploy' AIRFLOW_CTX_EXECUTION_DATE='2026-05-24T16:02:32.490427+00:00' AIRFLOW_CTX_TRY_NUMBER='1' AIRFLOW_CTX_DAG_RUN_ID='manual__2026-05-24T16:02:32.490427+00:00'
[2026-05-24T16:03:26.046+0000] {taskinstance.py:430} INFO - ::endgroup::
[2026-05-24T16:03:26.651+0000] {logging_mixin.py:188} INFO - 
[deploy] Starting deployment process...
[2026-05-24T16:03:26.652+0000] {logging_mixin.py:188} INFO - [deploy] Agent decision: APPROVE
[2026-05-24T16:03:26.652+0000] {logging_mixin.py:188} INFO - [deploy] Reason: All model metrics meet their respective thresholds.
[2026-05-24T16:03:26.652+0000] {logging_mixin.py:188} INFO - [deploy] Registering model from run 5ff46b9a5f33431586d046026034d6fa...
[2026-05-24T16:03:26.678+0000] {logging_mixin.py:188} WARNING - Registered model 'adult-income-classifier' already exists. Creating a new version of this model...
[2026-05-24T16:03:26.886+0000] {logging_mixin.py:188} WARNING - 2026/05/24 16:03:26 WARNING mlflow.tracking._model_registry.fluent: Run with id 5ff46b9a5f33431586d046026034d6fa has no artifacts at artifact path 'model', registering model based on models:/m-4976495def574a16a4e388b06e433e33 instead
[2026-05-24T16:03:26.960+0000] {logging_mixin.py:188} WARNING - 2026/05/24 16:03:26 INFO mlflow.store.model_registry.abstract_store: Waiting up to 300 seconds for model version to finish creation. Model name: adult-income-classifier, version 4
[2026-05-24T16:03:26.960+0000] {logging_mixin.py:188} WARNING - Created version '4' of model 'adult-income-classifier'.
[2026-05-24T16:03:27.119+0000] {logging_mixin.py:188} INFO - [deploy] Model registered as version 4
[2026-05-24T16:03:27.120+0000] {logging_mixin.py:188} INFO - [deploy] Deployment record saved to models/deployment_record.json
[2026-05-24T16:03:27.120+0000] {logging_mixin.py:188} INFO - [deploy] Model version 4 is now in registry!
[2026-05-24T16:03:27.120+0000] {logging_mixin.py:188} INFO - Deploy result: {'status': 'success', 'version': '4'}
[2026-05-24T16:03:27.120+0000] {python.py:237} INFO - Done. Returned value was: {'status': 'success', 'version': '4'}
[2026-05-24T16:03:27.120+0000] {taskinstance.py:441} INFO - ::group::Post task execution logs
[2026-05-24T16:03:27.134+0000] {taskinstance.py:1206} INFO - Marking task as SUCCESS. dag_id=ml_pipeline, task_id=deploy, run_id=manual__2026-05-24T16:02:32.490427+00:00, execution_date=20260524T160232, start_date=20260524T160325, end_date=20260524T160327
[2026-05-24T16:03:27.174+0000] {local_task_job_runner.py:240} INFO - Task exited with return code 0
[2026-05-24T16:03:27.182+0000] {taskinstance.py:3498} INFO - 0 downstream tasks scheduled from follow-on schedule check
[2026-05-24T16:03:27.182+0000] {local_task_job_runner.py:222} INFO - ::endgroup::
