[2026-05-24T15:28:55.762+0000] {local_task_job_runner.py:120} INFO - ::group::Pre task execution logs
[2026-05-24T15:28:55.773+0000] {taskinstance.py:2076} INFO - Dependencies all met for dep_context=non-requeueable deps ti=<TaskInstance: ml_pipeline.deploy scheduled__2026-05-23T00:00:00+00:00 [queued]>
[2026-05-24T15:28:55.777+0000] {taskinstance.py:2076} INFO - Dependencies all met for dep_context=requeueable deps ti=<TaskInstance: ml_pipeline.deploy scheduled__2026-05-23T00:00:00+00:00 [queued]>
[2026-05-24T15:28:55.777+0000] {taskinstance.py:2306} INFO - Starting attempt 1 of 1
[2026-05-24T15:28:55.787+0000] {taskinstance.py:2330} INFO - Executing <Task(_PythonDecoratedOperator): deploy> on 2026-05-23 00:00:00+00:00
[2026-05-24T15:28:55.792+0000] {standard_task_runner.py:63} INFO - Started process 43629 to run task
[2026-05-24T15:28:55.795+0000] {standard_task_runner.py:90} INFO - Running: ['airflow', 'tasks', 'run', 'ml_pipeline', 'deploy', 'scheduled__2026-05-23T00:00:00+00:00', '--job-id', '17', '--raw', '--subdir', 'DAGS_FOLDER/ml_pipeline.py', '--cfg-path', '/tmp/tmpzgf0d109']
[2026-05-24T15:28:55.797+0000] {standard_task_runner.py:91} INFO - Job 17: Subtask deploy
[2026-05-24T15:28:55.831+0000] {task_command.py:426} INFO - Running <TaskInstance: ml_pipeline.deploy scheduled__2026-05-23T00:00:00+00:00 [running]> on host VarnitLaptop.localdomain
[2026-05-24T15:28:55.881+0000] {taskinstance.py:2648} INFO - Exporting env vars: AIRFLOW_CTX_DAG_OWNER='airflow' AIRFLOW_CTX_DAG_ID='ml_pipeline' AIRFLOW_CTX_TASK_ID='deploy' AIRFLOW_CTX_EXECUTION_DATE='2026-05-23T00:00:00+00:00' AIRFLOW_CTX_TRY_NUMBER='1' AIRFLOW_CTX_DAG_RUN_ID='scheduled__2026-05-23T00:00:00+00:00'
[2026-05-24T15:28:55.882+0000] {taskinstance.py:430} INFO - ::endgroup::
[2026-05-24T15:28:55.883+0000] {taskinstance.py:441} INFO - ::group::Post task execution logs
[2026-05-24T15:28:55.884+0000] {taskinstance.py:2905} ERROR - Task failed with exception
Traceback (most recent call last):
  File "/home/varn1t/ml-pipeline/venv/lib/python3.11/site-packages/airflow/models/taskinstance.py", line 465, in _execute_task
    result = _execute_callable(context=context, **execute_callable_kwargs)
             ^^^^^^^^^^^^^^^^^^^^^^^^^^^^^^^^^^^^^^^^^^^^^^^^^^^^^^^^^^^^^
  File "/home/varn1t/ml-pipeline/venv/lib/python3.11/site-packages/airflow/models/taskinstance.py", line 432, in _execute_callable
    return execute_callable(context=context, **execute_callable_kwargs)
           ^^^^^^^^^^^^^^^^^^^^^^^^^^^^^^^^^^^^^^^^^^^^^^^^^^^^^^^^^^^^
  File "/home/varn1t/ml-pipeline/venv/lib/python3.11/site-packages/airflow/models/baseoperator.py", line 400, in wrapper
    return func(self, *args, **kwargs)
           ^^^^^^^^^^^^^^^^^^^^^^^^^^^
  File "/home/varn1t/ml-pipeline/venv/lib/python3.11/site-packages/airflow/decorators/base.py", line 265, in execute
    return_value = super().execute(context)
                   ^^^^^^^^^^^^^^^^^^^^^^^^
  File "/home/varn1t/ml-pipeline/venv/lib/python3.11/site-packages/airflow/models/baseoperator.py", line 400, in wrapper
    return func(self, *args, **kwargs)
           ^^^^^^^^^^^^^^^^^^^^^^^^^^^
  File "/home/varn1t/ml-pipeline/venv/lib/python3.11/site-packages/airflow/operators/python.py", line 235, in execute
    return_value = self.execute_callable()
                   ^^^^^^^^^^^^^^^^^^^^^^^
  File "/home/varn1t/ml-pipeline/venv/lib/python3.11/site-packages/airflow/operators/python.py", line 252, in execute_callable
    return self.python_callable(*self.op_args, **self.op_kwargs)
           ^^^^^^^^^^^^^^^^^^^^^^^^^^^^^^^^^^^^^^^^^^^^^^^^^^^^^
  File "/home/varn1t/ml-pipeline/airflow/dags/ml_pipeline.py", line 45, in deploy
    from src.deploy import deploy_model
ImportError: cannot import name 'deploy_model' from 'src.deploy' (/home/varn1t/ml-pipeline/src/deploy.py)
[2026-05-24T15:28:55.887+0000] {taskinstance.py:1206} INFO - Marking task as FAILED. dag_id=ml_pipeline, task_id=deploy, run_id=scheduled__2026-05-23T00:00:00+00:00, execution_date=20260523T000000, start_date=20260524T152855, end_date=20260524T152855
[2026-05-24T15:28:55.895+0000] {standard_task_runner.py:110} ERROR - Failed to execute job 17 for task deploy (cannot import name 'deploy_model' from 'src.deploy' (/home/varn1t/ml-pipeline/src/deploy.py); 43629)
[2026-05-24T15:28:55.928+0000] {local_task_job_runner.py:240} INFO - Task exited with return code 1
[2026-05-24T15:28:55.937+0000] {taskinstance.py:3498} INFO - 0 downstream tasks scheduled from follow-on schedule check
[2026-05-24T15:28:55.938+0000] {local_task_job_runner.py:222} INFO - ::endgroup::
